5
6
12
3
4
8
7
11
10
10
3
7
8
9
9
10
8
15
9
10
17
6
7
9
9
8
12
12
7
8
10
12
10
6
9
7
6
7
7
8
5
9
12
4
7
7
6
8
9
4
10
8
7
11
10
7
6
4
7
10
12
7
2
10
11
6
10
10
12
8
6
8
11
3
7
6
10
5
5
8
9
7
4
4
9
5
10
6
8
9
9
9
9
9
4
5
12
8
11
4
7
5
8
4
8
6
14
10
12
8
9
7
7
8
8
4
5
8
16
9
8
6
7
9
9
9
11
10
10
7
7
8
6
13
8
8
12
7
8
10
7
11
9
7
5
7
8
7
6
8
11
4
15
5
8
8
10
9
5
4
11
15
4
3
10
10
9
5
10
7
15
10
4
8
12
7
11
5
10
8
15
10
8
11
14
4
8
7
8
8
7
4
8
8
7
14
8
10
8
10
8
10
12
6
3
5
7
12
6
10
7
8
6
5
10
11
10
11
7
8
7
9
6
11
8
6
4
11
13
5
8
9
15
13
12
9
12
7
11
7
4
6
10
7
6
7
7
10
10
9
9
8
7
7
8
5
6
9
5
9
8
5
4
10
6
3
8
5
8
3
8
12
10
9
12
6
9
3
11
5
9
5
5
8
6
8
5
7
5
5
7
7
10
4
6
14
10
6
8
8
11
8
7
7
6
4
10
4
8
9
4
4
7
3
10
10
9
8
9
6
4
7
7
7
7
6
6
12
13
7
9
8
8
9
3
7
10
5
6
11
8
9
12
9
6
8
6
7
11
7
10
11
6
9
10
7
10
7
10
12
7
8
11
4
7
8
4
7
6
5
10
7
9
10
8
6
10
8
12
8
9
7
7
7
4
10
7
7
11
11
12
8
8
10
11
9
6
5
8
3
6
9
8
7
6
12
6
6
7
9
6
7
6
5
