1
1
1
1499999999
1499999999
1499999999
999999999
666666666
611479098
908421790
976414856
295587480
366165674
127705658
828778908
740426428
667048584
306444566
182263640
789546890
1069518507
123548364
442518034
9875516
672878244
759056310
48152104
503493642
1107553971
510018420
371458576
322280810
664245598
418054432
835513437
127619440
372997458
373600822
903198883
61100670
450368284
494716802
24276592
1037039820
46488142
646540610
102959196
656948042
193272900
918836574
200021714
2363814
732248002
279040626
23151366
155203788
347862148
736846924
381364536
390330178
187079938
509145591
47009900
962635642
451388294
291696086
717583076
1045610434
608414674
52177304
278209120
706827438
235555192
1374054894
507097176
546308513
76457170
466566988
337850526
135918506
1044093052
59529370
620439776
411293506
657391033
380313244
423442112
414462666
797904336
741444762
41872362
190056082
19061968
359506412
766206410
131308662
193548098
26216920
392454804
705459731
