2
2
1499999999
3
74
229645003
11247454
551307942
128845796
9161272
21178510
1217170402
471931756
83836072
412850166
138577240
521508708
81558256
565169149
171722468
1369191936
15779884
9256490
756882788
38465380
1056833531
452184770
98951586
435034004
1128045176
942971411
324416102
128614201
52612170
62551360
77441606
348514460
28861448
91593078
693805536
586451974
903271903
245015518
410391708
990280958
1020338369
598413256
212775170
197357938
279186276
2298449
615218608
859600478
572437980
58803326
208716115
226008984
917741018
955724031
1012085850
730445612
338291747
419539842
56443998
86264946
61262469
25193042
100120927
1360570441
663058480
376220943
1337381185
347914236
1253132434
515357644
121617934
881704074
603930318
182802550
421387254
213706718
308046350
439440994
743133316
1031852948
1030804247
936453905
962371250
21632754
1149230844
1330119015
1229808867
47602950
338909504
367762847
193848594
553388157
136357940
202421726
202875384
