AB
AK
BR
BC
JY
IB
CF
CF
KC
AN
AA
JA
BF
DB
BD
IU
AB
AH
AA
BB
BC
JS
AA
AD
BH
AA
CK
FI
DK
CD
OI
CC
GP
AA
AB
AB
AA
AE
BC
BN
HM
AM
OD
DC
JY
CC
CW
DN
AR
CH
SK
AA
AA
AC
CC
LX
AL
CE
AC
CC
CK
BC
HS
AH
AA
AO
AF
AT
CF
BD
AE
AF
BF
FJ
GF
AM
VV
AS
AC
AH
IC
DU
HK
CI
BB
BB
BD
BA
TC
AA
BB
OA
AC
HV
BD
AC
CD
CG
CA
BG
AD
AD
AA
CC
BD
CT
LN
AF
AA
FE
AY
DB
AA
GK
DI
JN
AC
AB
OD
FC
BW
BD
AA
AA
JM
BC
BB
FI
AF
BG
EF
AA
DB
CK
GG
AB
AH
CG
BE
BF
DP
VO
AD
BV
AG
BA
CC
AC
DB
BF
MI
AE
AS
BG
DM
IP
CU
BB
IP
BC
BL
CE
BB
BE
BC
AC
CE
AA
AB
KE
AA
NC
CV
BC
AA
AA
AA
AC
AA
CD
AL
AB
AA
RL
BG
AA
DP
AA
FP
AD
FJ
AA
CE
BB
AA
GQ
CD
JB
AB
AA
BO
AB
FY
AK
AB
EE
BE
EE
CH
BB
EM
HB
AJ
BJ
AE
CF
CP
AC
BV
GK
KF
EF
BG
CD
YP
AE
AB
WF
AC
CC
CB
AC
AH
BS
AY
CC
AC
ED
AI
FF
DM
BD
BR
AF
CI
AA
EH
BB
FG
AD
AA
IJ
AG
CD
CR
QE
AA
AN
CD
GO
ER
BK
ME
EJ
EH
GE
JJ
CD
TW
DU
FE
TJ
IE
CD
BD
BB
AD
CG
-1
FN
KA
BH
BH
AC
BT
DF
FF
AB
GB
LO
AG
BB
IC
CD
AN
AQ
BK
BJ
AA
HL
DA
AB
DF
EF
BA
LY
MN
CB
KK
BD
LG
AB
AA
DP
EO
AP
AB
-1
AR
FN
OU
AB
AC
PJ
BF
AA
AA
BB
DL
AA
MW
AB
PQ
BD
AH
BC
AB
AJ
DC
CS
MN
AD
BB
XP
BY
EE
CI
DQ
DN
DE
IU
GS
DD
BI
BE
CP
AC
PV
BB
JH
TB
ES
NK
HL
EM
DM
DA
DT
AA
AO
BB
EF
GG
NC
DD
AA
KF
TS
BE
AF
AA
RH
BB
AT
JY
BE
JK
HK
AF
AA
EL
AA
AC
BC
BD
EH
AA
BN
KX
BD
AB
AD
AS
EN
BC
AA
AD
AA
BB
JK
JC
EA
BD
HC
DA
BG
DL
DA
ED
GG
BB
BW
BB
PD
AA
DD
CQ
AZ
BB
CP
AC
MB
KS
BN
CC
BE
DJ
IB
BG
BD
BD
DF
BB
AC
AD
AC
HK
BB
AL
BE
CD
AA
AC
AA
BE
XO
NV
AJ
BC
AD
AB
AC
-1
AE
BE
AB
IL
BE
BB
IR
CC
BE
AD
BB
CB
DO
BE
AC
AC
BC
FJ
AB
JG
AA
BE
AB
AN
AC
AB
CK
-1
AK
AB
AI
AA
AF
AA
AC
BC
BE
AD
PU
AG
BC
AH
EP
DY
AA
CC
KK
DB
AV
HA
CD
JI
HE
BB
BB
AE
WC
EE
AA
EO
BE
DK
AH
JR
KO
AB
NS
CG
BC
BB
BE
AB
AP
AF
AC
DO
BB
AA
AC
AA
BB
MN
CD
CK
AX
DD
AB
BC
AB
HR
DH
MH
AH
EE
DJ
AW
BI
DL
BB
AF
DI
CA
SX
AA
CE
BK
DK
BB
AA
AC
CK
BG
DN
GH
ED
CJ
EF
AD
GJ
EE
IK
AP
AL
AA
AB
NE
HR
HM
OT
AC
AA
GJ
AD
OF
AA
CC
BJ
IK
AD
IH
DB
BN
DG
AC
DH
AS
DK
EF
EX
HB
IM
AN
DD
AB
DV
GB
FI
DD
AA
BC
CD
BH
-1
AB
BB
AA
IS
AA
BU
AQ
GM
CE
AF
BE
AG
CH
AA
AE
BV
BB
CD
AA
BQ
AC
AF
DV
BA
BF
DF
JT
AB
AJ
FB
AD
BB
PR
IN
AE
AG
CI
BB
IO
AF
CC
BB
BD
CD
IG
AR
AB
AG
YC
AB
BB
BM
DM
CD
BB
AA
AB
AH
DE
AM
AC
GM
GS
CK
AC
AB
-1
AB
HS
YA
PP
DG
AA
DJ
BU
BL
AA
AH
CF
BC
AR
AA
AE
BB
LO
AB
CS
CF
AF
AA
AB
BC
EE
LM
BA
AG
AF
BG
KM
AB
AB
LL
AB
BJ
BF
MG
AG
CY
CK
BC
AE
AF
FA
BC
DV
FN
DK
AO
BH
HI
NH
EK
AB
BB
ED
GI
GF
AC
PV
AA
BF
AC
AN
CD
AA
BC
AA
AA
AC
AC
FH
BB
AF
CD
AB
CC
WA
AA
AG
AA
AA
BY
BF
CD
DL
CN
AG
BB
PL
AE
CD
EH
AC
AA
JE
OD
BE
AA
BG
FT
AA
DB
EC
OE
EC
AB
BB
CF
AR
DD
AF
AB
AQ
BC
BO
AB
DF
FQ
BP
DP
AB
AD
AN
AC
JF
AF
YQ
AE
AB
BB
BA
FE
FE
AH
AA
BD
AB
CH
LS
AL
AC
AD
AE
GY
NT
NG
BG
EQ
RL
AA
BB
HR
MU
IS
AB
AA
BO
DF
EF
AE
AK
CD
BF
FG
BB
CB
LB
AB
EG
FB
DB
BU
RQ
AB
AC
BF
AQ
OI
-1
AB
BD
FF
AF
AB
AA
BE
BG
JO
AC
AD
AD
JF
AB
VU
CA
AM
LV
AA
IH
DQ
BB
FP
AA
BE
AC
AB
QA
CD
CG
HA
AB
SD
AY
HP
HL
BB
AO
BB
WE
AE
AA
XA
FJ
EM
EP
HA
AU
AI
AA
AA
BR
CF
LD
AC
AC
AD
CG
AB
AD
CE
AB
DD
BB
AA
AK
FQ
AD
DB
AI
JS
JK
AA
AC
AB
FB
AC
AN
GM
BB
JP
CW
CD
IA
AB
CD
ES
BJ
MD
DB
AD
AB
DM
AA
DE
AA
AH
CC
AE
AA
AC
AA
AB
AI
KO
AB
BH
AF
AA
BB
IO
AA
IN
AU
AH
HH
BK
BB
AA
BF
AA
BM
AA
FC
AB
ET
AA
BB
AA
GI
BO
CP
AX
AJ
AC
AD
AD
GD
AI
AG
AC
DG
BC
EH
DE
EQ
CA
BC
CL
AC
AE
ET
DD
DD
EE
AA
BK
DC
CF
BB
DK
AH
AB
BB
BB
AA
AA
AJ
BD
BD
AA
CM
AA
GB
DF
AD
XV
DH
DF
BC
FL
AB
BC
CW
AF
BB
BJ
AS
DE
AO
AY
AJ
BD
CD
DJ
EI
EB
AG
MJ
BC
BB
BB
BC
BJ
EH
AA
ES
AA
CF
BN
BB
DD
HU
OQ
BC
CE
IA
RS
DD
AG
AG
AA
AA
AD
AK
HF
CG
AE
BG
AC
NF
EA
DA
ED
DO
HE
QP
-1
EI
AB
AQ
HO
DE
CZ
BG
AB
AG
GA
BL
DP
BG
AD
AA
AD
BG
AF
AC
FI
DL
FC
RY
AB
BC
BG
EM
CH
AB
CF
HJ
AA
FP
AD
AA
AA
CG
BO
AA
AP
JQ
CC
AC
BA
BX
WI
AC
JT
GB
BG
HR
DV
BC
KG
AD
IN
AE
AC
DF
AF
FI
DK
AD
AD
GY
AB
AH
AD
AB
AA
AQ
AG
AF
AH
CF
BK
AA
BO
CE
BC
AE
AF
AE
NP
-1
BB
DF
AB
KD
CH
LZ
CD
ND
DD
DD
GJ
CC
BD
CC
GG
BB
UU
DP
FF
BF
LZ
BE
AC
QG
GK
BB
CL
AB
GM
LI
AK
BC
KB
DG
CB
AA
BB
CE
BI
AA
CC
CD
AB
AA
BB
AC
CC
AF
PC
AE
KL
HM
AB
KM
AC
AA
AA
BC
BH
AA
CD
BC
AE
KV
AA
GG
BN
IC
AA
BJ
FL
AB
AA
-1
AC
AB
AI
RV
OI
FU
BB
BL
AH
AD
BH
GH
AB
CX
-1
AD
AA
BE
DP
II
BK
BB
DA
AP
AM
AW
BB
DB
BC
CC
EB
DB
CE
BH
DI
CA
CF
DD
BC
HK
EH
AG
AC
AA
BC
AB
DD
BF
AA
PK
CN
AG
CV
AK
VC
AA
CL
LN
GH
JA
AE
BE
FJ
GM
BE
CG
AC
AA
BA
DG
CJ
AN
II
AA
AC
BN
AD
AD
AF
BD
DY
IH
BU
BL
FB
AC
BE
BF
CC
AR
JJ
AB
-1
OO
CD
GF
AB
MW
NV
AG
BC
AF
CR
CG
DD
AC
EI
CE
EE
AB
GJ
CD
AC
AA
II
AA
AM
AI
AA
BS
AJ
CC
BC
CA
DI
GG
AE
AA
BE
MP
AA
FM
AA
BC
BB
AC
CC
AM
BE
JZ
AO
AA
AA
AG
AC
AA
BB
AA
AB
DE
AA
AB
BC
BC
QC
EU
IH
CJ
AG
AX
EH
AB
AI
AB
LX
BK
BI
CC
BK
HL
EK
EF
AA
BB
AH
AB
BI
AG
AC
AB
-1
AI
GI
AA
DM
EG
IE
MN
BK
HS
AA
NE
AB
AN
EE
HJ
AG
BB
MI
PB
DJ
BB
DG
BC
AA
AU
AA
FJ
CE
KX
AB
AG
CC
RR
EA
DB
AJ
AA
BD
DK
AA
AE
LM
AA
OB
AA
DK
AA
BM
DQ
FK
AF
FB
DB
DI
AN
EW
CI
BB
TI
BC
BC
AC
AE
AA
CC
AB
DD
AV
HZ
AA
DF
KT
GG
TS
ME
EB
BB
AB
FG
AD
ND
AA
BQ
CA
-1
AA
AA
BI
BY
AA
AN
BO
BB
II
AA
BI
GE
EB
ER
PM
AA
AD
IA
AB
KJ
GI
CC
DI
HJ
NN
EG
AA
AG
CE
BD
MC
CC
AN
HR
BG
CE
BJ
AA
IJ
BB
BB
BB
CD
CC
UO
CE
EA
AQ
HX
AI
AB
AA
BA
GD
BD
AA
FG
AZ
GK
DG
BB
AA
IJ
BX
ND
BB
GP
BC
ER
DD
DD
AA
AI
BL
MT
AB
BB
MB
CC
BD
DH
DH
ES
IH
ER
UP
AA
-1
AB
OQ
PA
DA
JE
CK
FQ
IU
CC
CD
AB
AA
BF
AA
KE
AC
JE
BC
AE
CC
BI
BF
DI
AD
AB
BB
BC
AC
DD
AH
AA
BB
YT
BB
JC
AD
CF
CC
CM
FK
CA
IB
JH
AA
LJ
DT
AC
AA
CC
AA
ID
CP
HB
HS
FX
AY
JZ
BD
CI
EA
AA
BB
AA
HS
AA
BI
BC
-1
CG
AC
AA
CP
AA
CC
AG
AB
XL
AA
BD
AB
AA
DE
AA
BC
AB
BG
AB
AL
AA
SM
ME
KA
AE
AB
DK
KK
CT
CD
FM
AA
AA
FG
AI
BB
AA
DD
BF
-1
CC
AA
DB
BJ
IA
AD
CD
CP
DD
NS
AA
BE
AK
DN
BC
EJ
CM
TO
AV
AC
EI
AB
SW
DJ
BO
FF
BB
AA
CC
BG
FF
FS
HI
EK
AD
CB
CD
DC
CF
BE
AG
GG
FC
AC
AA
AD
AB
AH
CG
CG
BP
AE
AA
KF
BC
AE
KM
BD
AC
AJ
AB
CC
AC
NQ
AA
CD
GK
AA
IL
BP
AB
AA
AC
CD
DE
AS
DB
DD
AA
IP
AM
SS
VA
MK
AA
BA
BR
AA
AF
CC
AA
BF
PR
HK
AM
BD
BD
DK
AA
IB
AI
FR
BB
BF
AK
BG
AA
CK
AE
-1
BB
BB
-1
AA
DF
BB
BD
BE
YR
-1
AA
AH
BB
BC
CI
DE
AC
AB
AA
AB
AA
AD
BB
IH
AF
EK
CR
BG
CD
AQ
BC
AA
AC
CH
BL
BB
AB
CE
HC
CK
-1
AB
GK
ES
BB
BN
AD
AG
AH
AD
BB
CD
AA
DZ
AA
EN
AA
CF
AI
BA
EA
JW
AE
KS
AA
BB
EC
AJ
AN
FG
AD
FG
AA
DD
AA
AA
AD
AG
EE
SP
IV
VX
BC
DO
AA
AA
AD
CF
AA
CC
BF
AA
DG
BE
AA
BF
AC
AY
BC
AJ
BG
AK
DE
AA
AB
CF
MN
CG
YE
DD
CG
AC
DJ
GI
AB
AF
AF
AN
AA
BB
AC
EL
BK
GG
AG
AD
IH
JX
AA
AA
EG
BE
CD
TT
DG
BG
BL
GN
AA
AB
AB
AA
EE
AB
BC
AA
BB
DD
AK
BB
BB
AH
AC
EE
IH
BB
CJ
CC
LK
AO
BH
CJ
HG
-1
CB
BC
GX
BE
EO
AU
CC
AI
-1
BE
AA
LH
AA
AA
BA
AE
PD
LQ
EF
AF
DD
CK
AD
CA
AK
BB
HI
EO
AB
BA
CC
AD
BA
BC
EQ
CI
SD
BF
CG
DC
CQ
ES
AD
AB
EH
AB
CK
BF
AB
DJ
CE
-1
BB
KI
CX
AA
AA
BB
AB
AA
CN
AA
JR
AD
FH
CF
OS
CN
AC
AB
TD
-1
DB
BT
AJ
FA
AD
AB
BD
AE
DE
BD
AC
AI
IO
BA
AB
AA
EK
FL
AA
AA
AA
PN
MN
AA
AA
AA
CC
BA
EC
AA
OB
AB
RO
CD
AA
IN
AB
HC
GN
-1
AB
CQ
AL
FK
FH
AB
AD
AV
AA
DD
CX
BG
AA
CE
DE
EO
CC
AF
AH
BH
BF
DH
IC
FQ
BH
BQ
BD
BP
AC
BP
EJ
BC
BE
QG
-1
AA
-1
BD
AI
FN
GI
AB
AE
AB
EB
NA
AB
EK
EF
AE
AB
AA
AB
KJ
CC
AA
BE
BO
AV
EI
CC
AB
BJ
AV
DT
KA
AC
AE
BA
BC
JC
AU
DO
CC
AE
AD
BA
KG
EX
BB
AD
AD
BA
BY
FH
AA
AA
AC
AK
CB
DT
GJ
II
AK
AR
MC
FA
BC
AD
AC
AA
AO
AG
CE
HG
JR
AC
DR
KN
BC
AG
DA
CB
AI
LJ
AJ
CC
AA
AC
BH
BJ
AH
BC
AA
AC
BW
NA
CE
MD
DK
FA
BB
CC
AC
BB
AH
VE
DF
AE
ND
DB
CB
AD
BD
BF
EE
AJ
MT
BG
AA
AA
AB
AP
SI
AC
BO
BC
BA
CE
AI
CF
AI
BN
BI
BC
BB
AD
AH
BB
AD
AC
AC
AA
EE
BJ
CF
TM
BB
AD
BC
ES
CD
CD
CC
SU
AI
BB
AB
FI
AQ
IN
BC
-1
BC
FA
-1
AA
HV
BC
DD
AF
AA
DD
BB
CL
AY
EL
-1
DA
FW
BF
BC
FO
DZ
EY
EO
AD
BP
AS
AA
IA
BC
AE
DD
AB
AG
BK
MM
CG
AX
JF
AQ
BB
FA
AA
AC
EE
AD
EF
BD
CL
-1
CA
ZM
EP
CA
AA
AA
BJ
AX
CC
EG
AA
AG
AC
FK
-1
AA
UU
AA
AB
AB
LF
AK
AI
PB
CD
JH
AD
CC
BG
AA
AD
CE
AA
DD
FG
EF
AD
AB
IM
EI
YW
HB
AC
AD
DX
BF
AB
DD
EJ
AC
AC
BA
EG
AE
BF
BD
AB
BD
GD
AB
DC
AI
AI
CC
AH
BB
AF
FG
CC
AH
BA
BB
AC
CA
CE
BC
CP
BL
AC
BA
AA
EL
CG
CE
AA
BD
CB
AB
GJ
FA
NL
AB
AA
AF
-1
AH
AA
KF
BC
CO
AB
KV
BJ
DD
BC
BB
CE
BB
KO
JX
AQ
BE
DF
DM
BZ
AC
DE
AA
DA
BH
AA
AH
BR
BP
BD
AA
FD
AC
BA
GJ
LH
OR
AD
BB
CA
BB
HJ
MW
DC
BA
BI
NU
BP
JT
GG
EC
AD
LL
BC
BP
BA
GJ
CR
II
JJ
AA
AS
AD
-1
CJ
BE
AJ
EY
BA
BD
AE
AA
BB
GW
AC
CC
EK
AW
AC
BE
BB
AT
BD
IA
AK
AB
AF
AB
KB
DF
AB
AD
AA
AA
AB
AC
BB
AH
NC
CF
DD
AF
CE
CF
AE
AJ
CI
CC
DF
BH
AA
BD
AA
AA
AA
BC
CB
BB
BT
IE
AF
AM
CG
BO
DG
AA
IL
FF
AA
AC
EP
EC
IN
EP
FO
AC
EE
AA
AC
AA
CL
JL
BZ
DG
AE
AF
OK
IQ
GA
CF
AA
BL
BW
AB
DA
AB
CP
CK
AO
LY
BD
MG
BC
AH
-1
AA
BF
CD
FE
BJ
AB
AB
BR
AD
AA
CA
DU
CH
AA
DA
BB
JF
DE
AA
CK
AB
AF
ZM
DK
OG
FJ
HH
HP
AA
AA
CD
AC
BC
FL
AE
AA
MY
BJ
AD
AD
AA
MS
AL
DG
FJ
BA
RB
BS
CF
EF
BK
TB
MR
DG
BD
AB
AD
BB
EU
AD
AB
AC
DK
BG
BD
GK
BF
AA
LU
BC
KY
GI
BB
BB
BB
BC
BC
EI
CK
HW
BC
ME
CE
AE
BC
DJ
BA
FL
CF
AA
CN
GB
ED
QS
AB
AN
AC
GK
AB
ET
AJ
AS
AG
AA
BB
AB
AA
BC
AB
WK
BJ
CC
CN
AB
AH
DG
BE
GQ
PR
BA
ET
BI
EH
DA
FU
EO
AB
HG
AD
BH
CB
CI
EE
TB
AB
AF
CE
BX
DD
AI
AA
AA
KE
LN
CG
AA
DA
CD
BD
EG
AA
FD
GO
BP
JM
CQ
KQ
AB
BW
CE
AH
AF
AC
AD
CN
CE
BG
CG
GJ
FF
AA
AD
MP
EI
IZ
EB
EG
FW
BK
AB
AB
FB
AO
DN
AA
AK
BC
BF
BF
DO
BD
BY
QR
CG
DB
MD
-1
AC
-1
SO
EJ
AA
AA
EG
NE
-1
AE
IF
CA
DA
AG
EY
AB
BD
AF
GI
AA
AF
EI
IF
BF
AB
AC
AA
EF
BD
AI
CG
AK
BD
AB
BA
CD
AC
AB
BB
HG
AD
CI
AH
AH
AA
LH
HD
AB
GL
CC
DC
AA
AF
AF
AN
AE
AA
AA
CS
AC
CK
AC
BQ
BK
FM
AC
BU
BB
AD
AD
DK
CE
AA
AC
AC
EA
AA
AB
CG
AU
AA
BD
DD
AL
AB
BB
AC
CC
BB
AJ
AB
AC
AD
BK
BB
AB
FT
AA
CY
BA
DO
BD
AA
DA
FC
BG
AB
TJ
DE
HB
BI
FC
AC
FN
AF
BE
AB
AP
AI
GC
BV
BU
AF
BB
XE
BB
AU
AF
CV
AC
GW
BB
BC
AH
HI
CD
AG
IT
AB
BB
EF
AE
WM
AI
AA
AA
FD
-1
AB
AO
SW
AA
DB
BF
BN
BA
AE
CC
EO
BB
AB
DF
AF
BC
UO
CC
CE
BG
AA
AF
AN
AL
AA
AT
BM
AT
DD
JL
AA
BS
CA
AA
CC
BC
BB
LI
DD
ES
NO
AE
DD
DP
CD
AO
BC
AS
AB
BE
CD
GS
JV
AB
AE
AO
BB
AA
HH
IX
DE
AA
LU
CE
BG
EM
AO
UN
BE
IE
DE
MM
AE
EJ
BC
AB
AE
AD
MG
XU
AA
BJ
KF
CF
AD
DJ
FH
AB
AV
CD
AR
AM
BJ
QM
AG
HS
DE
AK
CD
AC
CB
AB
AD
RV
AC
HA
FD
FO
AB
-1
AE
CY
EE
FL
BB
BF
BN
IP
FK
AM
IN
BB
AA
BJ
AK
AA
AB
HV
AB
AA
AA
BD
AE
AO
AQ
AA
AB
AA
DH
AD
BC
AC
BE
-1
CE
BJ
IS
QS
CL
FQ
EE
DB
AK
BE
AC
AB
BB
AA
AJ
BE
JB
BE
AA
DA
CI
AC
AE
DE
AB
BC
DD
DF
-1
DN
DC
CA
WE
GB
AO
JA
CF
JS
LL
CC
GN
BB
CD
CE
BD
HH
AC
BF
DR
FI
AA
AA
AJ
AB
BC
AT
MM
AE
BB
AB
OO
LB
CB
BE
AL
AP
AC
KM
NO
KK
BC
AT
CD
BC
AC
BB
AB
VD
FZ
GD
BE
UR
AE
FG
GM
TW
AA
AE
BJ
BK
BH
AI
AD
DS
AR
BB
DD
JO
AM
EF
BD
BJ
DG
AC
HX
CJ
AY
CF
AA
DL
BJ
EE
BB
MN
CJ
BT
AD
CA
EL
BG
AN
AA
DE
GH
AC
KV
BB
AB
EW
NR
AB
EE
CE
NL
DA
CM
FF
IL
FH
AC
AA
AB
AH
KQ
BB
AC
OE
GJ
BI
AA
BH
HL
CE
PE
BK
KS
AE
AB
AB
AA
AS
CC
BG
EM
AA
BB
AS
DF
-1
AB
AG
AE
BD
DD
AA
GS
AF
CB
BC
DD
AD
AA
BB
CC
AS
CE
FM
AC
OC
GA
AB
HN
AG
BH
CD
DB
AE
AD
KE
AU
DD
DC
AS
AK
FB
BB
BK
BC
AC
AB
AA
BF
AA
EC
AF
-1
FG
AK
GC
EU
AG
QH
AL
AC
AA
BS
JN
NL
AB
BE
AH
CF
CS
EA
JS
AC
BE
GT
KO
CE
AB
AA
CD
BD
AD
AD
BB
AB
BB
AA
AE
AA
AA
GG
HX
NJ
AV
AC
-1
BF
QJ
AG
BC
AF
CL
AG
GJ
AG
AA
AP
AE
AG
NB
AG
DH
AA
EE
AF
DD
BH
AG
AL
AC
BB
BW
HJ
EL
EY
AA
CL
AA
AB
IJ
KH
KH
BN
AC
OU
AC
CN
IO
OK
PA
BC
AI
CF
GH
BB
AA
CD
AH
AB
BE
KG
BH
CA
DE
YR
DH
BB
CK
BB
AB
BC
CD
AQ
AA
PQ
ZB
AD
DD
AA
CB
BH
BB
CF
AF
AA
BB
CC
JT
DN
BN
EL
CD
AV
NG
AD
KN
BE
AB
HJ
IB
AJ
-1
DA
AU
EI
AB
BC
CC
AE
BB
HC
JH
EF
AR
AG
AL
CE
AI
GC
BO
DF
DK
FP
AB
BB
AH
CD
BB
EE
CD
DQ
BP
CE
BC
UE
DF
BG
CC
AA
CK
AE
EE
AG
BE
AA
AD
EI
GM
AT
DE
CF
CF
EE
CG
AH
BC
CB
TN
EI
BB
HF
BJ
AG
CS
EE
BA
AA
CD
BJ
BL
BB
QP
AA
BE
AF
BC
BA
BH
AD
AG
CD
DZ
JG
BB
FC
AL
BA
BE
AR
CE
BD
EB
TE
AB
PA
BE
BC
AN
CO
BE
HK
BB
AA
AH
BD
MM
GP
AD
SD
AB
CH
AA
CE
GG
AC
AO
AB
AB
AC
DP
AE
AA
AU
-1
KU
EI
AF
EH
AA
AC
CE
AC
CB
AC
AB
AA
MH
AP
AC
KR
CB
AB
AH
AC
AB
AA
BB
BC
CA
BC
AB
AE
ED
AF
AA
AA
DH
CF
DB
AB
AA
PW
BC
DD
BD
BC
AA
AE
AD
NE
AB
AB
BB
CD
AA
CD
LM
BC
BG
AA
AA
DO
CR
BE
AX
BB
BA
AD
BI
DB
AL
GI
BG
AB
HL
BB
FM
BC
FL
GH
-1
QU
BB
KG
AB
AK
PS
AA
AA
AF
AC
AL
AC
AB
BC
AB
AA
CJ
FH
AA
WN
AC
CP
AG
AE
DA
AC
AA
BC
CI
DX
CH
AB
AB
AC
AD
DZ
BD
AC
JN
AA
BB
CB
AB
JM
DK
AG
AJ
BC
AK
XK
BD
CA
AW
DL
AC
AB
HO
AD
EM
AA
FL
CB
BC
AA
AB
AE
AD
AM
AJ
CU
BH
BB
OG
HZ
IN
BF
AG
IX
AC
AD
DZ
OK
DE
UH
AA
-1
AE
CC
AG
AB
NV
AA
BB
AF
RS
AY
CK
DE
FU
BB
CG
EC
GL
BB
AH
CN
AA
CM
AC
AG
AB
MX
AC
BA
EE
KK
CD
DD
AA
BC
AI
LS
BP
CI
AB
GL
CF
BC
BC
AJ
AA
DH
BG
BB
AE
AA
FZ
AE
AB
AE
JI
AC
CH
GT
MS
DD
EH
QS
NJ
AB
AE
AO
BF
JQ
DI
DJ
SI
FQ
AD
CA
CC
LM
BD
CN
CS
DD
CK
AA
EF
AB
AA
BP
AC
CF
QP
AE
AB
HE
AA
BT
AU
AD
AB
BR
EP
AC
AD
AB
CM
BC
AB
BB
AC
NQ
CH
JM
CV
BC
PC
RW
EG
EL
DM
BB
BB
CD
AI
AA
AG
BL
EE
BD
AB
FM
BA
BB
AH
-1
HL
AA
AH
AA
CR
AA
BC
CM
FF
-1
DT
AA
ED
AA
BB
EK
CD
CJ
CC
AJ
BB
CD
AA
DD
AA
DD
AG
AC
AE
EN
AC
IM
CH
BD
BY
BK
DM
AB
FX
CD
ET
BB
AB
JO
AS
CE
BC
AK
AO
AG
OH
BD
AG
EB
BE
DI
GF
RT
EU
CG
EA
FH
CC
EH
GF
AD
BC
BB
BI
BB
CD
EJ
GM
AB
AH
AT
GG
AD
BC
EO
BI
DO
AB
HI
PK
AA
AB
FB
BB
AA
FH
AB
BC
BC
JV
EK
AC
BB
DE
EE
CU
BD
AA
AB
DD
AA
CF
DE
BG
BC
AE
BD
CG
AO
AB
BB
AL
AO
AB
AO
DH
BA
EK
AD
BN
AA
UJ
BC
CE
CE
BC
CC
AD
AQ
CI
DY
AA
CB
BE
BB
CC
KD
AJ
-1
AG
CI
VL
BB
AA
HH
JL
CG
NZ
AJ
DY
BC
AJ
CD
DE
AH
KV
NX
FH
FF
BJ
CC
ED
ED
AC
DE
BD
AC
FB
II
AH
HF
DN
BE
AF
AL
CH
AK
MI
RK
AB
ED
AK
AB
AP
BF
AB
AA
AJ
RL
BB
PD
CE
AE
AD
DE
BB
SM
DV
AC
CP
GI
BL
AA
PI
BJ
BJ
EH
AH
BK
AE
DD
BB
HG
CH
IG
SK
AU
CS
GF
AC
AC
AG
AB
CD
AF
DB
FH
BC
AC
QG
CD
DH
AA
AC
FB
LE
EH
AM
AA
CM
BC
AN
AA
BC
AE
LA
CC
AC
HO
CB
KG
AB
AH
AH
AD
CC
DA
II
AB
BN
HV
AB
AE
AA
BF
LE
AA
BC
CI
-1
WQ
CE
CD
AB
BN
GG
AB
BR
AV
BF
DG
AF
AJ
AQ
EL
BA
AD
CK
AH
AA
BF
CC
HH
BM
AA
BA
AA
AC
BB
AA
BC
AD
BF
EA
AC
BG
AA
EB
DO
AA
DD
MR
SB
TK
AH
AC
CC
AB
BQ
CG
BA
YY
BS
AA
AA
QM
CD
GS
DB
AA
AA
AB
PC
BD
CJ
AB
BB
AA
DL
AC
-1
AC
FF
AA
NC
AA
DB
FB
AB
AC
AN
BF
BE
RE
AA
CB
AE
AD
KG
AA
AC
PM
AF
AD
AA
AA
MZ
IB
BB
CC
AD
DD
AA
AB
HH
DB
BC
BL
AD
CD
CH
CE
CG
MJ
CF
AA
BH
AE
JN
AD
OM
AD
MO
BB
LY
AA
CB
AS
AA
CI
AA
AA
BA
BB
DG
AA
AA
GM
-1
DR
AB
AF
BE
BB
CO
DB
-1
AA
BL
JK
KF
AF
BB
JT
AA
DF
AS
FM
NK
FI
AD
DE
ED
EO
CC
BO
II
FH
-1
BM
-1
JC
EG
BC
AA
EG
IG
CE
DF
BH
AA
KL
AB
FG
IL
BB
AL
AA
BC
AU
CD
AA
AA
AB
CF
BE
AA
CR
CC
BE
BI
OG
AD
AC
MY
DD
BA
HD
AB
BG
CD
EE
CQ
AO
BD
BB
AD
EE
FZ
AA
AL
BT
AB
HG
BE
BB
AG
DY
-1
CE
BC
BQ
AG
AH
BM
AB
DZ
GM
DD
CM
ND
GL
BB
GY
AA
AB
AE
AB
QA
AA
AA
AH
AA
BH
-1
AC
CF
BB
CC
AG
LM
BH
BA
FG
VL
CG
EB
EO
-1
FG
BD
AJ
CD
CC
AC
GJ
HF
OS
AA
BF
AI
AR
EK
AB
AC
AG
AE
CE
DE
CE
AB
AL
AL
GZ
AM
CL
AA
BB
CQ
VH
HQ
AO
AA
AA
AE
IG
AA
BS
BE
WJ
CH
FF
BJ
CH
CD
BF
BD
CD
AC
EK
AS
AI
AC
BC
CC
-1
AE
AA
EF
AB
AD
-1
AA
AD
AA
DL
DK
AA
LF
AA
BB
CV
AC
NF
GP
EE
MH
CB
KM
BE
AA
AA
AA
BB
AF
AB
BB
AA
AC
AD
CJ
AB
AF
AD
AE
EG
AS
BE
BJ
BI
AE
AB
FA
BB
BM
DN
BL
BI
AB
JO
KK
BE
AC
AZ
BG
AA
DD
AA
FY
PH
CC
AB
CG
IK
AT
CF
FJ
KP
CD
AE
PJ
CC
AA
AA
SI
AE
BB
BH
FM
AA
AC
GU
AF
BB
AA
AA
BK
AD
AG
CC
II
EC
CC
AM
GI
AB
DE
AC
GU
DD
AE
EJ
AE
BD
EC
FH
AB
HY
HJ
FK
CP
DI
AB
AA
AA
BB
AB
CC
AA
AA
AA
DJ
-1
AC
CN
CH
DF
AK
AA
BA
AA
AA
AA
AG
BC
JJ
AG
AG
DI
DO
AI
AV
EZ
EH
EF
BJ
BA
BB
AC
BD
AH
FR
BA
CJ
GV
AC
CE
DX
HN
GK
IM
LG
QB
AA
AB
AB
-1
DF
DD
CE
AG
AA
AA
BJ
ET
AA
CJ
EH
BC
CD
EE
KR
HN
DL
FI
BK
HG
CW
EE
AE
AH
CD
BE
AY
AF
BC
AB
CA
EE
BD
-1
EH
CM
YL
DC
MM
SJ
BD
-1
AD
CL
BD
BG
BD
HK
CG
AA
YT
GA
AB
AD
AF
AE
FN
OM
DG
BB
CF
AA
HM
IF
BH
EE
CL
CD
EJ
DP
AK
FJ
BW
DD
BB
FI
AB
EE
AC
AA
AB
BE
AD
BC
KK
AB
AC
CC
BB
AA
BB
AD
BB
DL
BB
AA
AB
AB
CH
BC
IM
DP
AH
DO
CD
AK
BE
EE
AK
CJ
BH
CC
FC
SB
CG
CC
FJ
BD
KL
AE
CI
CN
CE
CH
KR
AG
AC
GG
HA
DB
EB
BA
HJ
BY
CC
CI
CE
HD
AR
-1
AE
AK
HR
DK
AJ
KD
AU
AL
LF
BB
AB
DD
DU
CE
MM
DH
BE
AA
DX
BL
AD
BX
AM
AB
BB
BC
FI
PA
CD
NI
AA
AA
AB
EQ
AE
IK
BG
BC
GW
IE
FP
DI
FF
IB
AC
CE
AK
IK
NC
AF
AB
BC
CG
AJ
CB
AL
FM
PH
AD
DL
CA
GH
AL
CE
CC
OA
BO
CE
EC
CD
GP
CF
CC
GW
-1
CG
BA
AC
BB
BD
CE
BE
-1
BB
AB
AB
AC
AB
CF
BD
NN
BE
BD
MT
AA
DI
DC
TR
AA
-1
MS
CC
AK
GG
NS
AD
AA
FF
DT
AT
NO
BB
BB
AC
AQ
BB
AA
JL
LK
CC
JN
PD
AE
AE
BB
-1
BB
AB
BC
AD
HN
GW
FU
XI
DD
BB
FA
AA
AB
ST
BE
BB
IK
SF
AB
AA
DV
HE
HJ
AN
BZ
AE
SR
AA
CF
AD
CH
CC
BA
AA
DI
AB
AZ
BE
DK
AC
FX
CF
VD
NE
WE
GH
BC
CE
SM
AE
DC
BG
BB
BV
AR
SQ
CC
IG
JD
AB
AB
VG
EB
AB
FW
EV
AD
BC
AE
BB
AB
DE
ET
DB
NK
BC
BB
BB
FG
AB
AB
BD
BE
AE
DR
BB
NL
BJ
AB
FF
AK
BG
ME
BE
EF
EE
EE
GI
ST
AM
BM
AA
IC
AB
GH
CG
AC
AC
DF
BF
BC
FK
FD
AA
-1
CC
BB
AS
BF
CL
AB
DF
AC
AA
FF
BU
AK
AA
BE
AH
CB
AA
AB
IQ
AG
DD
-1
BB
AA
FD
AG
DY
EN
AD
AB
JN
HM
AC
BD
ML
AG
BJ
BA
BB
AA
AC
AA
AO
BE
AB
FK
FK
EC
AB
AA
AV
LE
AB
BC
AA
AA
EI
TI
BD
AA
BD
AB
ZI
-1
AC
AA
BB
BC
AD
DH
EZ
AD
IG
EC
DP
BC
BK
BB
PE
BE
BC
BC
AB
BF
CA
FH
BB
EC
DD
FA
GY
QD
BC
GB
BF
AE
BB
CE
GC
AZ
HI
AA
GC
AX
CC
NW
BA
AR
AE
AB
GM
BW
AA
DD
DH
AB
HQ
CC
HJ
MI
AB
EF
AY
AA
IJ
AB
AA
AT
BR
EE
AO
