1
2
4
73
74
76
1499999999
967302227
1367060758
664201028
378662698
1197085744
45245417
873345164
1322373955
590255656
1246190471
838109902
1391601655
393818353
245436316
241325239
1235759324
376846204
780621367
289115623
301295734
12788887
169104341
1450850404
1220976854
1276544939
226551199
879002921
141308272
561495841
1011095806
498268123
876919358
203393648
372311435
1048290218
435126169
1460493685
1015909622
66356224
868469453
1345594112
240150397
452441396
1137265013
1270208231
1345648972
1457963062
1456064135
950489683
767694734
236339839
574862174
1466761150
1247384681
392226842
894197104
1431775705
783283567
1338714701
900611381
670905647
434249533
979406167
304138060
873705022
558474559
1069835476
297817208
218770843
681926617
6721580
996286946
1326829295
1230778769
1076947564
1384887565
134060326
603402155
421210358
1125619517
666055939
1151163970
313972945
560156597
1306681180
651380629
1014635183
672271328
1172053261
772593641
434848102
1307800663
680759726
